I'm sorry, but errors were detected in your script. Please correct the
errors listed below, and try again.


File "game/script.rpy", line 146: expected 'label_name' not found.
    jump
        ^

Ren'Py Version: Ren'Py 7.2.2.491
Wed May 01 12:51:46 2019
